# serializer version: 1
# name: test_calendar_events
  StateSnapshot({
    'attributes': ReadOnlyDict({
      'all_day': False,
      'description': 'Machine is scheduled to turn on at the start time and off at the end time',
      'end_time': '2024-01-12 16:00:00',
      'friendly_name': 'GS01234 Auto on/off schedule',
      'location': '',
      'message': 'Machine GS3 AV (GS01234) on',
      'start_time': '2024-01-12 06:00:00',
    }),
    'context': <ANY>,
    'entity_id': 'calendar.gs01234_auto_on_off_schedule',
    'last_changed': <ANY>,
    'last_updated': <ANY>,
    'state': 'on',
  })
# ---
# name: test_calendar_events.1
  EntityRegistryEntrySnapshot({
    'aliases': set({
    }),
    'area_id': None,
    'capabilities': None,
    'config_entry_id': <ANY>,
    'device_class': None,
    'device_id': <ANY>,
    'disabled_by': None,
    'domain': 'calendar',
    'entity_category': None,
    'entity_id': 'calendar.gs01234_auto_on_off_schedule',
    'has_entity_name': True,
    'hidden_by': None,
    'icon': None,
    'id': <ANY>,
    'name': None,
    'options': dict({
    }),
    'original_device_class': None,
    'original_icon': None,
    'original_name': 'Auto on/off schedule',
    'platform': 'lamarzocco',
    'previous_unique_id': None,
    'supported_features': 0,
    'translation_key': 'auto_on_off_schedule',
    'unique_id': 'GS01234_auto_on_off_schedule',
    'unit_of_measurement': None,
  })
# ---
# name: test_calendar_events.2
  dict({
    'calendar.gs01234_auto_on_off_schedule': dict({
      'events': list([
        dict({
          'description': 'Machine is scheduled to turn on at the start time and off at the end time',
          'end': '2024-01-12T16:00:00-08:00',
          'start': '2024-01-12T06:00:00-08:00',
          'summary': 'Machine GS3 AV (GS01234) on',
        }),
        dict({
          'description': 'Machine is scheduled to turn on at the start time and off at the end time',
          'end': '2024-01-13T16:00:00-08:00',
          'start': '2024-01-13T06:00:00-08:00',
          'summary': 'Machine GS3 AV (GS01234) on',
        }),
        dict({
          'description': 'Machine is scheduled to turn on at the start time and off at the end time',
          'end': '2024-01-14T16:00:00-08:00',
          'start': '2024-01-14T06:00:00-08:00',
          'summary': 'Machine GS3 AV (GS01234) on',
        }),
        dict({
          'description': 'Machine is scheduled to turn on at the start time and off at the end time',
          'end': '2024-01-15T16:00:00-08:00',
          'start': '2024-01-15T06:00:00-08:00',
          'summary': 'Machine GS3 AV (GS01234) on',
        }),
        dict({
          'description': 'Machine is scheduled to turn on at the start time and off at the end time',
          'end': '2024-01-16T16:00:00-08:00',
          'start': '2024-01-16T06:00:00-08:00',
          'summary': 'Machine GS3 AV (GS01234) on',
        }),
        dict({
          'description': 'Machine is scheduled to turn on at the start time and off at the end time',
          'end': '2024-01-17T16:00:00-08:00',
          'start': '2024-01-17T06:00:00-08:00',
          'summary': 'Machine GS3 AV (GS01234) on',
        }),
        dict({
          'description': 'Machine is scheduled to turn on at the start time and off at the end time',
          'end': '2024-01-18T16:00:00-08:00',
          'start': '2024-01-18T06:00:00-08:00',
          'summary': 'Machine GS3 AV (GS01234) on',
        }),
        dict({
          'description': 'Machine is scheduled to turn on at the start time and off at the end time',
          'end': '2024-01-19T16:00:00-08:00',
          'start': '2024-01-19T06:00:00-08:00',
          'summary': 'Machine GS3 AV (GS01234) on',
        }),
        dict({
          'description': 'Machine is scheduled to turn on at the start time and off at the end time',
          'end': '2024-01-20T16:00:00-08:00',
          'start': '2024-01-20T06:00:00-08:00',
          'summary': 'Machine GS3 AV (GS01234) on',
        }),
        dict({
          'description': 'Machine is scheduled to turn on at the start time and off at the end time',
          'end': '2024-01-21T16:00:00-08:00',
          'start': '2024-01-21T06:00:00-08:00',
          'summary': 'Machine GS3 AV (GS01234) on',
        }),
        dict({
          'description': 'Machine is scheduled to turn on at the start time and off at the end time',
          'end': '2024-01-22T16:00:00-08:00',
          'start': '2024-01-22T06:00:00-08:00',
          'summary': 'Machine GS3 AV (GS01234) on',
        }),
        dict({
          'description': 'Machine is scheduled to turn on at the start time and off at the end time',
          'end': '2024-01-23T16:00:00-08:00',
          'start': '2024-01-23T06:00:00-08:00',
          'summary': 'Machine GS3 AV (GS01234) on',
        }),
        dict({
          'description': 'Machine is scheduled to turn on at the start time and off at the end time',
          'end': '2024-01-24T16:00:00-08:00',
          'start': '2024-01-24T06:00:00-08:00',
          'summary': 'Machine GS3 AV (GS01234) on',
        }),
        dict({
          'description': 'Machine is scheduled to turn on at the start time and off at the end time',
          'end': '2024-01-25T16:00:00-08:00',
          'start': '2024-01-25T06:00:00-08:00',
          'summary': 'Machine GS3 AV (GS01234) on',
        }),
        dict({
          'description': 'Machine is scheduled to turn on at the start time and off at the end time',
          'end': '2024-01-26T16:00:00-08:00',
          'start': '2024-01-26T06:00:00-08:00',
          'summary': 'Machine GS3 AV (GS01234) on',
        }),
        dict({
          'description': 'Machine is scheduled to turn on at the start time and off at the end time',
          'end': '2024-01-27T16:00:00-08:00',
          'start': '2024-01-27T06:00:00-08:00',
          'summary': 'Machine GS3 AV (GS01234) on',
        }),
        dict({
          'description': 'Machine is scheduled to turn on at the start time and off at the end time',
          'end': '2024-01-28T16:00:00-08:00',
          'start': '2024-01-28T06:00:00-08:00',
          'summary': 'Machine GS3 AV (GS01234) on',
        }),
        dict({
          'description': 'Machine is scheduled to turn on at the start time and off at the end time',
          'end': '2024-01-29T16:00:00-08:00',
          'start': '2024-01-29T06:00:00-08:00',
          'summary': 'Machine GS3 AV (GS01234) on',
        }),
        dict({
          'description': 'Machine is scheduled to turn on at the start time and off at the end time',
          'end': '2024-01-30T16:00:00-08:00',
          'start': '2024-01-30T06:00:00-08:00',
          'summary': 'Machine GS3 AV (GS01234) on',
        }),
        dict({
          'description': 'Machine is scheduled to turn on at the start time and off at the end time',
          'end': '2024-01-31T16:00:00-08:00',
          'start': '2024-01-31T06:00:00-08:00',
          'summary': 'Machine GS3 AV (GS01234) on',
        }),
        dict({
          'description': 'Machine is scheduled to turn on at the start time and off at the end time',
          'end': '2024-02-01T16:00:00-08:00',
          'start': '2024-02-01T06:00:00-08:00',
          'summary': 'Machine GS3 AV (GS01234) on',
        }),
        dict({
          'description': 'Machine is scheduled to turn on at the start time and off at the end time',
          'end': '2024-02-02T16:00:00-08:00',
          'start': '2024-02-02T06:00:00-08:00',
          'summary': 'Machine GS3 AV (GS01234) on',
        }),
        dict({
          'description': 'Machine is scheduled to turn on at the start time and off at the end time',
          'end': '2024-02-03T16:00:00-08:00',
          'start': '2024-02-03T06:00:00-08:00',
          'summary': 'Machine GS3 AV (GS01234) on',
        }),
        dict({
          'description': 'Machine is scheduled to turn on at the start time and off at the end time',
          'end': '2024-02-04T16:00:00-08:00',
          'start': '2024-02-04T06:00:00-08:00',
          'summary': 'Machine GS3 AV (GS01234) on',
        }),
      ]),
    }),
  })
# ---
# name: test_no_calendar_events_global_disable
  dict({
    'calendar.gs01234_auto_on_off_schedule': dict({
      'events': list([
        dict({
          'description': 'Machine is scheduled to turn on at the start time and off at the end time',
          'end': '2024-01-12T16:00:00-08:00',
          'start': '2024-01-12T06:00:00-08:00',
          'summary': 'Machine GS3 AV (GS01234) on',
        }),
        dict({
          'description': 'Machine is scheduled to turn on at the start time and off at the end time',
          'end': '2024-01-13T16:00:00-08:00',
          'start': '2024-01-13T06:00:00-08:00',
          'summary': 'Machine GS3 AV (GS01234) on',
        }),
        dict({
          'description': 'Machine is scheduled to turn on at the start time and off at the end time',
          'end': '2024-01-14T16:00:00-08:00',
          'start': '2024-01-14T06:00:00-08:00',
          'summary': 'Machine GS3 AV (GS01234) on',
        }),
        dict({
          'description': 'Machine is scheduled to turn on at the start time and off at the end time',
          'end': '2024-01-15T16:00:00-08:00',
          'start': '2024-01-15T06:00:00-08:00',
          'summary': 'Machine GS3 AV (GS01234) on',
        }),
        dict({
          'description': 'Machine is scheduled to turn on at the start time and off at the end time',
          'end': '2024-01-16T16:00:00-08:00',
          'start': '2024-01-16T06:00:00-08:00',
          'summary': 'Machine GS3 AV (GS01234) on',
        }),
        dict({
          'description': 'Machine is scheduled to turn on at the start time and off at the end time',
          'end': '2024-01-17T16:00:00-08:00',
          'start': '2024-01-17T06:00:00-08:00',
          'summary': 'Machine GS3 AV (GS01234) on',
        }),
        dict({
          'description': 'Machine is scheduled to turn on at the start time and off at the end time',
          'end': '2024-01-18T16:00:00-08:00',
          'start': '2024-01-18T06:00:00-08:00',
          'summary': 'Machine GS3 AV (GS01234) on',
        }),
        dict({
          'description': 'Machine is scheduled to turn on at the start time and off at the end time',
          'end': '2024-01-19T16:00:00-08:00',
          'start': '2024-01-19T06:00:00-08:00',
          'summary': 'Machine GS3 AV (GS01234) on',
        }),
        dict({
          'description': 'Machine is scheduled to turn on at the start time and off at the end time',
          'end': '2024-01-20T16:00:00-08:00',
          'start': '2024-01-20T06:00:00-08:00',
          'summary': 'Machine GS3 AV (GS01234) on',
        }),
        dict({
          'description': 'Machine is scheduled to turn on at the start time and off at the end time',
          'end': '2024-01-21T16:00:00-08:00',
          'start': '2024-01-21T06:00:00-08:00',
          'summary': 'Machine GS3 AV (GS01234) on',
        }),
        dict({
          'description': 'Machine is scheduled to turn on at the start time and off at the end time',
          'end': '2024-01-22T16:00:00-08:00',
          'start': '2024-01-22T06:00:00-08:00',
          'summary': 'Machine GS3 AV (GS01234) on',
        }),
        dict({
          'description': 'Machine is scheduled to turn on at the start time and off at the end time',
          'end': '2024-01-23T16:00:00-08:00',
          'start': '2024-01-23T06:00:00-08:00',
          'summary': 'Machine GS3 AV (GS01234) on',
        }),
        dict({
          'description': 'Machine is scheduled to turn on at the start time and off at the end time',
          'end': '2024-01-24T16:00:00-08:00',
          'start': '2024-01-24T06:00:00-08:00',
          'summary': 'Machine GS3 AV (GS01234) on',
        }),
        dict({
          'description': 'Machine is scheduled to turn on at the start time and off at the end time',
          'end': '2024-01-25T16:00:00-08:00',
          'start': '2024-01-25T06:00:00-08:00',
          'summary': 'Machine GS3 AV (GS01234) on',
        }),
        dict({
          'description': 'Machine is scheduled to turn on at the start time and off at the end time',
          'end': '2024-01-26T16:00:00-08:00',
          'start': '2024-01-26T06:00:00-08:00',
          'summary': 'Machine GS3 AV (GS01234) on',
        }),
        dict({
          'description': 'Machine is scheduled to turn on at the start time and off at the end time',
          'end': '2024-01-27T16:00:00-08:00',
          'start': '2024-01-27T06:00:00-08:00',
          'summary': 'Machine GS3 AV (GS01234) on',
        }),
        dict({
          'description': 'Machine is scheduled to turn on at the start time and off at the end time',
          'end': '2024-01-28T16:00:00-08:00',
          'start': '2024-01-28T06:00:00-08:00',
          'summary': 'Machine GS3 AV (GS01234) on',
        }),
        dict({
          'description': 'Machine is scheduled to turn on at the start time and off at the end time',
          'end': '2024-01-29T16:00:00-08:00',
          'start': '2024-01-29T06:00:00-08:00',
          'summary': 'Machine GS3 AV (GS01234) on',
        }),
        dict({
          'description': 'Machine is scheduled to turn on at the start time and off at the end time',
          'end': '2024-01-30T16:00:00-08:00',
          'start': '2024-01-30T06:00:00-08:00',
          'summary': 'Machine GS3 AV (GS01234) on',
        }),
        dict({
          'description': 'Machine is scheduled to turn on at the start time and off at the end time',
          'end': '2024-01-31T16:00:00-08:00',
          'start': '2024-01-31T06:00:00-08:00',
          'summary': 'Machine GS3 AV (GS01234) on',
        }),
        dict({
          'description': 'Machine is scheduled to turn on at the start time and off at the end time',
          'end': '2024-02-01T16:00:00-08:00',
          'start': '2024-02-01T06:00:00-08:00',
          'summary': 'Machine GS3 AV (GS01234) on',
        }),
        dict({
          'description': 'Machine is scheduled to turn on at the start time and off at the end time',
          'end': '2024-02-02T16:00:00-08:00',
          'start': '2024-02-02T06:00:00-08:00',
          'summary': 'Machine GS3 AV (GS01234) on',
        }),
        dict({
          'description': 'Machine is scheduled to turn on at the start time and off at the end time',
          'end': '2024-02-03T16:00:00-08:00',
          'start': '2024-02-03T06:00:00-08:00',
          'summary': 'Machine GS3 AV (GS01234) on',
        }),
        dict({
          'description': 'Machine is scheduled to turn on at the start time and off at the end time',
          'end': '2024-02-04T16:00:00-08:00',
          'start': '2024-02-04T06:00:00-08:00',
          'summary': 'Machine GS3 AV (GS01234) on',
        }),
      ]),
    }),
  })
# ---
