# serializer version: 1
# name: test_diagnostics
  dict({
    'config': dict({
      '__type': "<class 'lmcloud.models.LaMarzoccoMachineConfig'>",
      'repr': "LaMarzoccoMachineConfig(turned_on=True, doses={<PhysicalKey.A: 1>: 135, <PhysicalKey.B: 2>: 97, <PhysicalKey.C: 3>: 108, <PhysicalKey.D: 4>: 121}, boilers={<BoilerType.STEAM: 'SteamBoiler'>: LaMarzoccoBoiler(enabled=True, current_temperature=123.80000305175781, target_temperature=123.9000015258789), <BoilerType.COFFEE: 'CoffeeBoiler1'>: LaMarzoccoBoiler(enabled=True, current_temperature=96.5, target_temperature=95)}, prebrew_mode=<PrebrewMode.PREINFUSION: 'TypeB'>, plumbed_in=True, prebrew_configuration={<PhysicalKey.A: 1>: LaMarzoccoPrebrewConfiguration(on_time=0.5, off_time=1), <PhysicalKey.B: 2>: LaMarzoccoPrebrewConfiguration(on_time=0.5, off_time=1), <PhysicalKey.C: 3>: LaMarzoccoPrebrewConfiguration(on_time=3.299999952316284, off_time=3.299999952316284), <PhysicalKey.D: 4>: LaMarzoccoPrebrewConfiguration(on_time=2, off_time=2)}, dose_hot_water=8, water_contact=True, wake_up_sleep_entries=[LaMarzoccoWakeUpSleepEntry(enabled=False, days=[<WeekDay.MONDAY: 'monday'>, <WeekDay.TUESDAY: 'tuesday'>, <WeekDay.WEDNESDAY: 'wednesday'>, <WeekDay.THURSDAY: 'thursday'>, <WeekDay.FRIDAY: 'friday'>, <WeekDay.SATURDAY: 'saturday'>, <WeekDay.SUNDAY: 'sunday'>], entry_id='Os2OswX', steam=True, time_on='24:0', time_off='24:0')], smart_standby=LaMarzoccoSmartStandby(enabled=True, minutes=10, mode=<SmartStandbyMode.LAST_BREWING: 'LastBrewing'>), brew_active=False, brew_active_duration=0)",
    }),
    'firmware': dict({
      'gateway': dict({
        '__type': "<class 'lmcloud.models.LaMarzoccoFirmware'>",
        'repr': "LaMarzoccoFirmware(current_version='v3.1-rc4', latest_version='v3.5-rc3')",
      }),
      'machine': dict({
        '__type': "<class 'lmcloud.models.LaMarzoccoFirmware'>",
        'repr': "LaMarzoccoFirmware(current_version='1.40', latest_version='1.55')",
      }),
    }),
    'model': 'GS3 AV',
    'statistics': dict({
      '__type': "<class 'lmcloud.models.LaMarzoccoCoffeeStatistics'>",
      'repr': 'LaMarzoccoCoffeeStatistics(drink_stats={<PhysicalKey.A: 1>: 1047, <PhysicalKey.B: 2>: 560, <PhysicalKey.C: 3>: 468, <PhysicalKey.D: 4>: 312}, continous=2252, total_flushes=1740)',
    }),
  })
# ---
